../Src/main.c:22:5:main	8	static
../Src/main.c:41:6:rcc_config	4	static
../Src/main.c:66:6:peripheral_bus_config	4	static
../Src/main.c:75:6:gpioa_moder_config	4	static
../Src/main.c:83:6:timer10_config	4	static
../Src/main.c:96:6:timer10_delay	16	static
../Src/main.c:109:6:purple_color_led	24	static
../Src/main.c:166:6:navy_color_led	24	static
../Src/main.c:205:6:yellow_color_led	24	static
../Src/main.c:258:6:white_color_led	24	static
../Src/main.c:327:6:red_color_led	24	static
../Src/main.c:364:6:green_color_led	24	static
../Src/main.c:403:6:cyan_color_led	24	static
