../Src/main.c:15:5:main	8	static
../Src/main.c:35:6:rcc_config	4	static
../Src/main.c:57:6:peripheral_bus_config	4	static
../Src/main.c:70:6:gpioa_moder_config	4	static
../Src/main.c:101:6:pwm_timer1_config	4	static
../Src/main.c:178:6:purple_color_led	16	static
../Src/main.c:202:6:green_color_led	16	static
../Src/main.c:225:6:white_color_led	16	static
../Src/main.c:248:6:navy_color_led	16	static
../Src/main.c:271:6:yellow_color_led	16	static
../Src/main.c:294:6:red_color_led	16	static
../Src/main.c:317:6:cyan_color_led	16	static
